// Jest Snapshot v1, https://goo.gl/fbAQLP

exports[`login organization exists not logged in should write the user identity & config to the file system 1`] = `
[
  [
    "/dummy/identity/file/path",
    "{
  "credential": {
    "expires_at": null
  },
  "org": {
    "slug": "test-org",
    "tenantId": "test-tenant",
    "ssoProvider": "google"
  }
}",
    {
      "mode": "600",
    },
  ],
]
`;

exports[`login organization exists not logged in validates authentication 1`] = `
[
  [
    {
      "tenantId": "test-tenant",
    },
    "test-credential",
  ],
]
`;
