// Jest Snapshot v1, https://goo.gl/fbAQLP

exports[`login organization exists should write the user's identity & config to the file system 1`] = `
[
  [
    "/Users/fabianjoya/.p0/config.json",
    "{"fs":{"apiKey":"AIzaSyC9A5VXSwDDS-Vp4WH_UIanEqJvv_7XdlQ","authDomain":"p0-gcp-project.firebaseapp.com","projectId":"p0-gcp-project","storageBucket":"p0-gcp-project.appspot.com","messagingSenderId":"398809717501","appId":"1:398809717501:web:6dd1cab893b2faeb06fc94"},"google":{"clientId":"398809717501-j4j8ldjicsspidl4ecj6nj1oomo9eda1.apps.googleusercontent.com","clientSecret":"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"},"appUrl":"http://localhost:8088","environment":"production"}",
    {
      "mode": "600",
    },
  ],
  [
    "/path/to/home/.p0",
    "{
  "credential": {
    "access_token": "test-access-token",
    "id_token": "test-id-token",
    "token_type": "oidc",
    "scope": "oidc",
    "expires_in": 3600,
    "refresh_token": "test-refresh-token",
    "device_secret": "test-device-secret",
    "expires_at": 1600003599
  },
  "org": {
    "slug": "test-org",
    "tenantId": "test-tenant",
    "ssoProvider": "google"
  }
}",
    {
      "mode": "600",
    },
  ],
]
`;

exports[`login organization exists validates authentication 1`] = `
[
  [
    {
      "tenantId": "test-tenant",
    },
    "test-credential",
  ],
]
`;
