// Vitest Snapshot v1, https://vitest.dev/guide/snapshot.html

exports[`ls > when error > should print error message 1`] = `
{
  "error": "p0 ls

List available resources

Commands:
  p0 ls ssh <destination>  Secure Shell (SSH) session

Options:
  --help  Show help                                                    [boolean]

Unknown argument: foo",
}
`;

exports[`ls > when valid ls command > should print friendly message if no items > stderr 1`] = `
[
  [
    "No destinations",
  ],
]
`;

exports[`ls > when valid ls command > should print friendly message if no items > stdout 1`] = `[]`;

exports[`ls > when valid ls command > should print list response > stderr 1`] = `
[
  [
    "Showing destinations.
Resources labeled with * are already accessible to you:",
  ],
]
`;

exports[`ls > when valid ls command > should print list response > stdout 1`] = `
[
  [
    "  instance-1[02m - Group / Resource 1[00m",
  ],
  [
    "  instance-2[02m - Resource 2[00m",
  ],
]
`;
