// Jest Snapshot v1, https://goo.gl/fbAQLP

exports[`aws role a single installed account with Okta SAML assume should assume a role 1`] = `
[
  [
    "Execute the following commands:
",
  ],
  [
    "
Or, populate these environment variables using BASH command substitution:

  $(p0 aws role assume undefined)
",
  ],
]
`;

exports[`aws role a single installed account with Okta SAML assume should assume a role 2`] = `
[
  [
    "  export AWS_ACCESS_KEY_ID=test-access-key
  export AWS_SECRET_ACCESS_KEY=secret-access-key
  export AWS_SESSION_TOKEN=session-token",
  ],
]
`;

exports[`aws role a single installed account with Okta SAML ls lists roles 1`] = `
[
  [
    "Your available roles for account 1:",
  ],
]
`;

exports[`aws role a single installed account with Okta SAML ls lists roles 2`] = `
[
  [
    "  Role1
  Role2",
  ],
]
`;
